// Jest Snapshot v1, https://goo.gl/fbAQLP

exports[`it returns a calculator component 1`] = `
<div
  className="container"
>
  <div
    className="input"
  >
    0
  </div>
  <div
    className="array-btn flex"
  >
    <button
      className="btn-array"
      onClick={[Function]}
      type="button"
    >
      AC
    </button>
    <button
      className="btn-array"
      onClick={[Function]}
      type="button"
    >
      +/-
    </button>
    <button
      className="btn-array"
      onClick={[Function]}
      type="button"
    >
      %
    </button>
    <button
      className="btn-array"
      onClick={[Function]}
      type="button"
    >
      7
    </button>
    <button
      className="btn-array"
      onClick={[Function]}
      type="button"
    >
      8
    </button>
    <button
      className="btn-array"
      onClick={[Function]}
      type="button"
    >
      9
    </button>
    <button
      className="btn-array"
      onClick={[Function]}
      type="button"
    >
      4
    </button>
    <button
      className="btn-array"
      onClick={[Function]}
      type="button"
    >
      5
    </button>
    <button
      className="btn-array"
      onClick={[Function]}
      type="button"
    >
      6
    </button>
    <button
      className="btn-array"
      onClick={[Function]}
      type="button"
    >
      1
    </button>
    <button
      className="btn-array"
      onClick={[Function]}
      type="button"
    >
      2
    </button>
    <button
      className="btn-array"
      onClick={[Function]}
      type="button"
    >
      3
    </button>
    <button
      className="btn-array"
      onClick={[Function]}
      type="button"
    >
      0
    </button>
    <button
      className="btn-array"
      onClick={[Function]}
      type="button"
    >
      .
    </button>
  </div>
  <div
    className="operations subgrid"
  >
    <button
      className="opers"
      onClick={[Function]}
      type="button"
    >
      รท
    </button>
    <button
      className="opers"
      onClick={[Function]}
      type="button"
    >
      x
    </button>
    <button
      className="opers"
      onClick={[Function]}
      type="button"
    >
      -
    </button>
    <button
      className="opers"
      onClick={[Function]}
      type="button"
    >
      +
    </button>
    <button
      className="opers"
      onClick={[Function]}
      type="button"
    >
      =
    </button>
  </div>
</div>
`;
